105,100
200,200
200,100
400,200
400,100
400,300
500,200
500,100
500,300
