5,100,500,100,301
5,100,500,104,304
5,100,500,104,305
5,100,500,102,202
5,100,500,101,202
5,100,500,102,302
5,100,500,101,301
5,100,500,103,305
5,100,500,103,303
6,300,400,100,301
6,300,400,104,304
6,300,400,104,305
6,300,400,102,202
6,300,400,101,202
6,300,400,102,302
6,300,400,101,301
6,300,400,103,305
6,300,400,103,303

