100,7,4,100,301
101,8,3,101,202
101,8,3,101,301
102,8,2,102,202
102,8,2,102,302
103,10,3,103,305
103,10,3,103,303
104,11,4,104,304
104,11,4,104,305

