201,41,304,11,201,30
202,46,301,7,202,50
202,46,303,8,202,125
203,52,302,9,203,40
203,52,305,10,203,35
