1000,1,1000,3
1000,1,2000,4
2000,2,1000,3
2000,2,2000,4
