200,200
500,200
400,200
200,200
500,200
400,200
200,100
105,100
500,100
400,100
200,100
105,100
500,100
400,100
200,100
105,100
500,100
400,100
500,300
400,300
