-102,103
-101,101
-101,-102
-101,103
101,-102
101,103